\BOOKMARK [1][-]{section.1}{\376\377\137\025\212\000}{}% 1
\BOOKMARK [1][-]{section.2}{\376\377\166\370\121\163\135\345\117\134\116\016\170\024\172\166\122\250\147\072}{}% 2
\BOOKMARK [2][-]{subsection.2.1}{\376\377\135\362\147\011\166\204\211\343\221\312\145\271\154\325}{section.2}% 3
\BOOKMARK [2][-]{subsection.2.2}{\376\377\135\362\147\011\211\343\221\312\145\271\154\325\166\204\116\015\215\263}{section.2}% 4
\BOOKMARK [2][-]{subsection.2.3}{\376\377\151\202\137\365\134\102\227\142\166\204\211\306\211\322\116\016\143\021\142\030}{section.2}% 5
\BOOKMARK [1][-]{section.3}{\376\377\000A\000g\000u\000a\000\040\166\204\213\276\213\241}{}% 6
\BOOKMARK [2][-]{subsection.3.1}{\376\377\133\232\116\111}{section.3}% 7
\BOOKMARK [2][-]{subsection.3.2}{\376\377\143\250\133\374\127\372\170\100\151\202\137\365}{section.3}% 8
\BOOKMARK [2][-]{subsection.3.3}{\376\377\000A\000g\000u\000a\000\040\152\041\127\213\166\204\213\255\176\303\145\160\143\156}{section.3}% 9
\BOOKMARK [2][-]{subsection.3.4}{\376\377\133\146\116\140\000\040\000A\000g\000u\000a\000\040\166\204\116\343\164\006\152\041\127\213}{section.3}% 10
\BOOKMARK [2][-]{subsection.3.5}{\376\377\117\177\165\050\000\040\000A\000g\000u\000a\000\040\165\037\142\020\211\343\221\312}{section.3}% 11
\BOOKMARK [2][-]{subsection.3.6}{\376\377\145\057\143\001\166\204\211\343\221\312\174\173\127\213}{section.3}% 12
\BOOKMARK [1][-]{section.4}{\376\377\133\236\232\214\213\276\177\156}{}% 13
\BOOKMARK [1][-]{section.5}{\376\377\213\304\117\060}{}% 14
\BOOKMARK [2][-]{subsection.5.1}{\376\377\000A\000g\000u\000a\000\040\166\204\211\343\221\312}{section.5}% 15
\BOOKMARK [2][-]{subsection.5.2}{\376\377\136\224\165\050\000\040\000A\000g\000u\000a\000\040\143\320\123\107\174\373\176\337\200\375\122\233}{section.5}% 16
\BOOKMARK [3][-]{subsubsection.5.2.1}{\376\377\127\372\116\216\151\202\137\365\166\204\122\006\136\003\157\002\171\373\150\300\155\113}{subsection.5.2}% 17
\BOOKMARK [3][-]{subsubsection.5.2.2}{\376\377\151\202\137\365\232\161\122\250\166\204\121\215\213\255\176\303}{subsection.5.2}% 18
\BOOKMARK [3][-]{subsubsection.5.2.3}{\376\377\143\320\123\107\123\357\214\003\213\325\140\047}{subsection.5.2}% 19
\BOOKMARK [3][-]{subsubsection.5.2.4}{\376\377\151\202\137\365\137\025\133\374\166\204\145\160\143\156\226\306\142\151\121\105}{subsection.5.2}% 20
\BOOKMARK [2][-]{subsection.5.3}{\376\377\000A\000g\000u\000a\000\040\166\204\234\201\150\322\140\047}{section.5}% 21
\BOOKMARK [1][-]{section.6}{\376\377\213\250\213\272\116\016\134\100\226\120\140\047}{}% 22
\BOOKMARK [1][-]{section.7}{\376\377\176\323\213\272}{}% 23
\BOOKMARK [1][-]{appendix.A}{\376\377\226\104\137\125}{}% 24
\BOOKMARK [2][-]{subsection.A.1}{\376\377\151\202\137\365\172\172\225\364\122\006\147\220}{appendix.A}% 25
\BOOKMARK [2][-]{subsection.A.2}{\376\377\145\207\147\054\143\317\217\360\147\011\145\110\140\047\232\214\213\301}{appendix.A}% 26
\BOOKMARK [2][-]{subsection.A.3}{\376\377\122\115\147\037\135\345\117\134}{appendix.A}% 27
